exports[`TestCard component should not render without job.tests provided 1`] = `null`;

exports[`TestCard component should render correctly 1`] = `
<div
  className={undefined}
  style={
    Object {
      "WebkitTapHighlightColor": "rgba(0,0,0,0)",
      "backgroundColor": "#ffffff",
      "borderRadius": "2px",
      "boxShadow": "0 1px 6px rgba(0, 0, 0, 0.12),
             0 1px 4px rgba(0, 0, 0, 0.12)",
      "boxSizing": "border-box",
      "color": "rgba(0, 0, 0, 0.87)",
      "fontFamily": "Roboto, sans-serif",
      "muiPrepared": true,
      "transition": "all 450ms cubic-bezier(0.23, 1, 0.32, 1) 0ms",
      "zIndex": 1
    }
  }>
  <div
    style={
      Object {
        "paddingBottom": 8
      }
    }>
    <div
      style={
        Object {
          "muiPrepared": true,
          "position": "relative"
        }
      }>
      <div
        style={
          Object {
            "muiPrepared": true
          }
        }>
        <img
          className={undefined}
          onClick={[Function anonymous]}
          src="images/crash.png"
          style={
            Object {
              "maxWidth": "100%",
              "minWidth": "100%",
              "muiPrepared": true,
              "verticalAlign": "top",
              "width": "100%"
            }
          } />
      </div>
      
    </div>
    <div
      style={
        Object {
          "muiPrepared": true,
          "padding": 16,
          "paddingBottom": 0,
          "position": "relative"
        }
      }>
      <span
        style={
          Object {
            "color": "rgba(0, 0, 0, 0.87)",
            "display": "block",
            "fontSize": 16,
            "fontWeight": 400,
            "lineHeight": "36px",
            "muiPrepared": true
          }
        }>
        Tests
      </span>
      <span
        style={
          Object {
            "color": "rgba(0, 0, 0, 0.54)",
            "display": "block",
            "fontSize": 14,
            "muiPrepared": true
          }
        } />
    </div>
    <div
      style={
        Object {
          "color": "rgba(0, 0, 0, 0.87)",
          "fontSize": 14,
          "lineHeight": 1.5,
          "muiPrepared": true,
          "padding": 16,
          "paddingTop": 6
        }
      }>
      Pass rate: 
      68.0
      %, Coverage: 
      33.1
      %
    </div>
  </div>
</div>
`;
